
> convy@0.1.0 build
> next build

▲ Next.js 16.1.5 (Turbopack, Cache Components)
- Environments: .env

  Creating an optimized production build ...
✓ Compiled successfully in 73s
  Running TypeScript ...
  Collecting page data using 11 workers ...
[Redis Client] Connected
[Redis Client] Connected
[Redis Client] Connected
[Redis Client] Connected
[Redis Client] Connected
[Redis Client] Ready
[Redis Client] Connected
[Redis Client] Connected
[Redis Client] Connected
[Redis Client] Connected
[Redis Client] Connected
[Redis Client] Connected
[Redis Client] Connected
[Redis Client] Connected
[Redis Client] Connected
[Redis Client] Connected
[Redis Client] Ready
[Redis Client] Ready
[Redis Client] Ready
[Redis Client] Ready
[Redis Client] Connected
[Redis Client] Connected
[Redis Client] Connected
[Redis Client] Connected
[Redis Client] Ready
[Redis Client] Ready
[Redis Client] Connected
  Generating static pages using 11 workers (0/185) ...
[Redis Client] Ready
[Redis Client] Ready
[Redis Client] Ready
Error: Route "/[locale]/admin/usage": Uncached data was accessed outside of <Suspense>. This delays the entire page from rendering, resulting in a slow user experience. Learn more: https://nextjs.org/docs/messages/blocking-route
    at ignore-listed frames
To get a more detailed stack trace and pinpoint the issue, try one of the following:
  - Start the app in development mode by running `next dev`, then open "/[locale]/admin/usage" in your browser to investigate the error.
  - Rerun the production build with `next build --debug-prerender` to generate better stack traces.
Error occurred prerendering page "/en/admin/usage". Read more: https://nextjs.org/docs/messages/prerender-error
Export encountered an error on /[locale]/admin/usage/page: /en/admin/usage, exiting the build.
Error: Route "/[locale]/forgot-password": Uncached data was accessed outside of <Suspense>. This delays the entire page from rendering, resulting in a slow user experience. Learn more: https://nextjs.org/docs/messages/blocking-route
    at ignore-listed frames
To get a more detailed stack trace and pinpoint the issue, try one of the following:
  - Start the app in development mode by running `next dev`, then open "/[locale]/forgot-password" in your browser to investigate the error.
  - Rerun the production build with `next build --debug-prerender` to generate better stack traces.
Error occurred prerendering page "/en/forgot-password". Read more: https://nextjs.org/docs/messages/prerender-error
Export encountered an error on /[locale]/(auth)/forgot-password/page: /en/forgot-password, exiting the build.
⨯ Next.js build worker exited with code: 1 and signal: null
