--- Deepgram WebSocket Connection Test ---
Time: 2026-02-11T08:23:07.448Z
API Key prefix: 337c...

Attempting WebSocket connection...
URL: wss://api.deepgram.com/v2/listen?model=flux-general-en&interim_results=true&enco...

❌ WebSocket error occurred:
Message: Unexpected server response: 400
Code: undefined
Type: undefined
Full error: {}

Stack trace: Error: Unexpected server response: 400
    at ClientRequest.<anonymous> (C:\Users\pc\convy\node_modules\.pnpm\ws@8.19.0\node_modules\ws\lib\websocket.js:918:7)
    at ClientRequest.emit (node:events:524:28)
    at HTTPParser.parserOnIncomingClient (node:_http_client:716:27)
    at HTTPParser.parserOnHeadersComplete (node:_http_common:117:17)
    at TLSSocket.socketOnData (node:_http_client:558:22)
    at TLSSocket.emit (node:events:524:28)
    at addChunk (node:internal/streams/readable:561:12)
    at readableAddChunkPushByteMode (node:internal/streams/readable:512:3)
    at Readable.push (node:internal/streams/readable:392:5)
    at TLSWrap.onStreamRead (node:internal/stream_base_commons:189:23)

WebSocket closed: Code 1006, Reason: 
