app/[locale]/(auth)/sign-up/page.tsx(63,9): error TS2353: Object literal may only specify known properties, and 'role' does not exist in type 'Prettify<InferSignUpEmailCtx<{ baseURL: string; plugins: { id: "admin-client"; $InferServerPlugin: { id: "admin"; init(): { options: { databaseHooks: { user: { create: { before(user: { id: string; createdAt: Date; updatedAt: Date; email: string; emailVerified: boolean; name: string; image?: string | ... 1 more ... |...'.
app/[locale]/(dashboard)/dashboard/learning/reports/page.tsx(21,7): error TS2322: Type '{ success: true; data: { id: string; title: string; description: string | null; subject: string | null; defaultContentLocale: "en" | "fr" | "de"; gradeBand: string; gradeLabel: string; status: string; ... 5 more ...; topicCount: number; }[]; }' is not assignable to type '{ data: { id: string; title: string; description: string; teacherUserId: string; subject: string; defaultContentLocale: "en" | "fr" | "de"; gradeBand: string; gradeLabel: string; status: string; ... 4 more ...; topicCount: number; }[]; success: true; }'.
  Types of property 'data' are incompatible.
    Type '{ id: string; title: string; description: string | null; subject: string | null; defaultContentLocale: "en" | "fr" | "de"; gradeBand: string; gradeLabel: string; status: string; teacherUserId: string; ... 4 more ...; topicCount: number; }[]' is not assignable to type '{ id: string; title: string; description: string; teacherUserId: string; subject: string; defaultContentLocale: "en" | "fr" | "de"; gradeBand: string; gradeLabel: string; status: string; teacherName: string; accessLevel: "owner"; accessRequestStatus: string | null; studentCount: number; topicCount: number; }[]'.
      Type '{ id: string; title: string; description: string | null; subject: string | null; defaultContentLocale: "en" | "fr" | "de"; gradeBand: string; gradeLabel: string; status: string; teacherUserId: string; ... 4 more ...; topicCount: number; }' is not assignable to type '{ id: string; title: string; description: string; teacherUserId: string; subject: string; defaultContentLocale: "en" | "fr" | "de"; gradeBand: string; gradeLabel: string; status: string; teacherName: string; accessLevel: "owner"; accessRequestStatus: string | null; studentCount: number; topicCount: number; }'.
        Types of property 'description' are incompatible.
          Type 'string | null' is not assignable to type 'string'.
            Type 'null' is not assignable to type 'string'.
app/[locale]/(dashboard)/dashboard/learning/reports/page.tsx(22,7): error TS2322: Type '{ success: true; data: { id: string; createdAt: Date; updatedAt: Date; title: string; description: string | null; subject: string | null; status: string; classroomId: string; createdByUserId: string; ... 6 more ...; lastMaterialSyncAt: Date | null; }[]; } | undefined' is not assignable to type '{ data: objectInputType<{ id: ZodString; title: ZodString; description: ZodOptional<ZodNullable<ZodString>>; subject: ZodOptional<ZodNullable<ZodString>>; contentLocale: ZodOptional<...>; subjectKey: ZodOptional<...>; subjectLabel: ZodOptional<...>; status: ZodString; }, ZodTypeAny, "passthrough">[]; success: true; ...'.
  Type '{ success: true; data: { id: string; createdAt: Date; updatedAt: Date; title: string; description: string | null; subject: string | null; status: string; classroomId: string; createdByUserId: string; ... 6 more ...; lastMaterialSyncAt: Date | null; }[]; }' is not assignable to type '{ data: objectInputType<{ id: ZodString; title: ZodString; description: ZodOptional<ZodNullable<ZodString>>; subject: ZodOptional<ZodNullable<ZodString>>; contentLocale: ZodOptional<...>; subjectKey: ZodOptional<...>; subjectLabel: ZodOptional<...>; status: ZodString; }, ZodTypeAny, "passthrough">[]; success: true; }'.
    Types of property 'data' are incompatible.
      Type '{ id: string; createdAt: Date; updatedAt: Date; title: string; description: string | null; subject: string | null; status: string; classroomId: string; createdByUserId: string; ... 6 more ...; lastMaterialSyncAt: Date | null; }[]' is not assignable to type 'objectInputType<{ id: ZodString; title: ZodString; description: ZodOptional<ZodNullable<ZodString>>; subject: ZodOptional<ZodNullable<ZodString>>; contentLocale: ZodOptional<...>; subjectKey: ZodOptional<...>; subjectLabel: ZodOptional<...>; status: ZodString; }, ZodTypeAny, "passthrough">[]'.
        Type '{ id: string; createdAt: Date; updatedAt: Date; title: string; description: string | null; subject: string | null; status: string; classroomId: string; createdByUserId: string; ... 6 more ...; lastMaterialSyncAt: Date | null; }' is not assignable to type 'objectInputType<{ id: ZodString; title: ZodString; description: ZodOptional<ZodNullable<ZodString>>; subject: ZodOptional<ZodNullable<ZodString>>; contentLocale: ZodOptional<...>; subjectKey: ZodOptional<...>; subjectLabel: ZodOptional<...>; status: ZodString; }, ZodTypeAny, "passthrough">'.
          Type '{ id: string; createdAt: Date; updatedAt: Date; title: string; description: string | null; subject: string | null; status: string; classroomId: string; createdByUserId: string; ... 6 more ...; lastMaterialSyncAt: Date | null; }' is not assignable to type '{ id: string; title: string; status: string; description?: string | null | undefined; subject?: string | null | undefined; contentLocale?: "en" | "fr" | "de" | undefined; subjectKey?: string | undefined; subjectLabel?: string | undefined; }'.
            Types of property 'contentLocale' are incompatible.
              Type 'string' is not assignable to type '"en" | "fr" | "de" | undefined'.
app/actions/classroom/tutoring-actions.ts(104,28): error TS2345: Argument of type '() => Promise<{ success: true; data: { sessionId: string; status: string; alreadyCompleted: true; reportQueued?: undefined; }; } | { success: true; data: { sessionId: string; status: string; reportQueued: true; alreadyCompleted?: undefined; }; }>' is not assignable to parameter of type '() => Promise<ActionResult<{ sessionId: string; status: string; alreadyCompleted: true; reportQueued?: undefined; }>>'.
  Type 'Promise<{ success: true; data: { sessionId: string; status: string; alreadyCompleted: true; reportQueued?: undefined; }; } | { success: true; data: { sessionId: string; status: string; reportQueued: true; alreadyCompleted?: undefined; }; }>' is not assignable to type 'Promise<ActionResult<{ sessionId: string; status: string; alreadyCompleted: true; reportQueued?: undefined; }>>'.
    Type '{ success: true; data: { sessionId: string; status: string; alreadyCompleted: true; reportQueued?: undefined; }; } | { success: true; data: { sessionId: string; status: string; reportQueued: true; alreadyCompleted?: undefined; }; }' is not assignable to type 'ActionResult<{ sessionId: string; status: string; alreadyCompleted: true; reportQueued?: undefined; }>'.
      Type '{ success: true; data: { sessionId: string; status: string; reportQueued: true; alreadyCompleted?: undefined; }; }' is not assignable to type 'ActionResult<{ sessionId: string; status: string; alreadyCompleted: true; reportQueued?: undefined; }>'.
        Type '{ success: true; data: { sessionId: string; status: string; reportQueued: true; alreadyCompleted?: undefined; }; }' is not assignable to type '{ success: true; data: { sessionId: string; status: string; alreadyCompleted: true; reportQueued?: undefined; }; }'.
          The types of 'data.alreadyCompleted' are incompatible between these types.
            Type 'undefined' is not assignable to type 'true'.
app/actions/classroom/tutoring-actions.ts(178,3): error TS2322: Type 'ActionResult<{ classification: "in_scope" | "borderline" | "off_scope"; response: string; }>' is not assignable to type 'ActionResult<{ classification: "on_topic" | "near_topic" | "off_topic"; response: string; }>'.
  Type '{ success: true; data: { classification: "in_scope" | "borderline" | "off_scope"; response: string; }; }' is not assignable to type 'ActionResult<{ classification: "on_topic" | "near_topic" | "off_topic"; response: string; }>'.
    Type '{ success: true; data: { classification: "in_scope" | "borderline" | "off_scope"; response: string; }; }' is not assignable to type '{ success: true; data: { classification: "on_topic" | "near_topic" | "off_topic"; response: string; }; }'.
      The types of 'data.classification' are incompatible between these types.
        Type '"in_scope" | "borderline" | "off_scope"' is not assignable to type '"on_topic" | "near_topic" | "off_topic"'.
          Type '"in_scope"' is not assignable to type '"on_topic" | "near_topic" | "off_topic"'.
app/actions/classroom/tutoring-actions.ts(257,3): error TS2322: Type 'ActionResult<{ answer: string; evidenceHighlights: string[]; }>' is not assignable to type 'ActionResult<{ response: string; confidence: string; sources: { id: string; label: string; }[]; }>'.
  Type '{ success: true; data: { answer: string; evidenceHighlights: string[]; }; }' is not assignable to type 'ActionResult<{ response: string; confidence: string; sources: { id: string; label: string; }[]; }>'.
    Type '{ success: true; data: { answer: string; evidenceHighlights: string[]; }; }' is not assignable to type '{ success: true; data: { response: string; confidence: string; sources: { id: string; label: string; }[]; }; }'.
      Types of property 'data' are incompatible.
        Type '{ answer: string; evidenceHighlights: string[]; }' is missing the following properties from type '{ response: string; confidence: string; sources: { id: string; label: string; }[]; }': response, confidence, sources
components/learning/hooks/use-student-learning-workspace.ts(139,5): error TS2769: No overload matches this call.
  Overload 3 of 3, '(options: UseQueryOptions<{ completed: true; profile?: Record<string, unknown> | null | undefined; } | { completed: false; messages: { id: string; role: string; content: string; createdAt?: string | Date | undefined; metadata?: Record<...> | undefined; }[]; sessionId: string; }, Error, { ...; } | { ...; }, readonly [...]>, queryClient?: QueryClient | undefined): UseQueryResult<...>', gave the following error.
    Type '{ completed: true; profile: { primaryInterests: { label: string; details: string; }[]; aspirations: string[]; curiosityAreas: string[]; motivationalStyle: ("competition" | "creativity" | "helping_others" | "financial_success" | "recognition" | "personal_mastery")[]; learningRelationship: "positive" | ... 1 more ... ...' is not assignable to type '{ completed: true; profile?: Record<string, unknown> | null | undefined; } | { completed: false; messages: { id: string; role: string; content: string; createdAt?: string | Date | undefined; metadata?: Record<...> | undefined; }[]; sessionId: string; } | InitialDataFunction<...> | undefined'.
      Type '{ completed: false; sessionId: string; messages: { id: string; role: string; createdAt: Date; updatedAt: Date; content: string; metadata: Record<string, unknown> | null; sessionId: string; }[]; profile?: undefined; }' is not assignable to type '{ completed: true; profile?: Record<string, unknown> | null | undefined; } | { completed: false; messages: { id: string; role: string; content: string; createdAt?: string | Date | undefined; metadata?: Record<...> | undefined; }[]; sessionId: string; } | InitialDataFunction<...> | undefined'.
        Type '{ completed: false; sessionId: string; messages: { id: string; role: string; createdAt: Date; updatedAt: Date; content: string; metadata: Record<string, unknown> | null; sessionId: string; }[]; profile?: undefined; }' is not assignable to type '{ completed: false; messages: { id: string; role: string; content: string; createdAt?: string | Date | undefined; metadata?: Record<string, unknown> | undefined; }[]; sessionId: string; } | InitialDataFunction<...>'.
          Type '{ completed: false; sessionId: string; messages: { id: string; role: string; createdAt: Date; updatedAt: Date; content: string; metadata: Record<string, unknown> | null; sessionId: string; }[]; profile?: undefined; }' is not assignable to type '{ completed: false; messages: { id: string; role: string; content: string; createdAt?: string | Date | undefined; metadata?: Record<string, unknown> | undefined; }[]; sessionId: string; }'.
            Types of property 'messages' are incompatible.
              Type '{ id: string; role: string; createdAt: Date; updatedAt: Date; content: string; metadata: Record<string, unknown> | null; sessionId: string; }[]' is not assignable to type '{ id: string; role: string; content: string; createdAt?: string | Date | undefined; metadata?: Record<string, unknown> | undefined; }[]'.
                Type '{ id: string; role: string; createdAt: Date; updatedAt: Date; content: string; metadata: Record<string, unknown> | null; sessionId: string; }' is not assignable to type '{ id: string; role: string; content: string; createdAt?: string | Date | undefined; metadata?: Record<string, unknown> | undefined; }'.
                  Types of property 'metadata' are incompatible.
                    Type 'Record<string, unknown> | null' is not assignable to type 'Record<string, unknown> | undefined'.
                      Type 'null' is not assignable to type 'Record<string, unknown> | undefined'.
components/learning/hooks/use-student-learning-workspace.ts(167,5): error TS2769: No overload matches this call.
  Overload 3 of 3, '(options: UseQueryOptions<{ data: { messages: { id: string; role: string; content: string; createdAt?: string | Date | undefined; metadata?: Record<string, unknown> | undefined; }[]; sessionId: string; sessionState: { ...; }; topic: { ...; }; sessionLocale?: "en" | ... 2 more ... | undefined; sourceLocale?: "en" | ... 2 more ... | undefined; }; success: true; }, Error, { ...; }, string[] | readonly [...]>, queryClient?: QueryClient | undefined): UseQueryResult<...>', gave the following error.
    Type '{ success: true; data: { sessionId: string; sessionLocale: "en" | "fr" | "de"; sourceLocale: string; topic: { id: string; title: string; subject: string | null; subjectKey: string; subjectLabel: string; }; sessionState: { ...; }; messages: { ...; }[]; }; } | undefined' is not assignable to type '{ data: { messages: { id: string; role: string; content: string; createdAt?: string | Date | undefined; metadata?: Record<string, unknown> | undefined; }[]; sessionId: string; sessionState: { ...; }; topic: { ...; }; sessionLocale?: "en" | ... 2 more ... | undefined; sourceLocale?: "en" | ... 2 more ... | undefined;...'.
      Type '{ success: true; data: { sessionId: string; sessionLocale: "en" | "fr" | "de"; sourceLocale: string; topic: { id: string; title: string; subject: string | null; subjectKey: string; subjectLabel: string; }; sessionState: { ...; }; messages: { ...; }[]; }; }' is not assignable to type '{ data: { messages: { id: string; role: string; content: string; createdAt?: string | Date | undefined; metadata?: Record<string, unknown> | undefined; }[]; sessionId: string; sessionState: { ...; }; topic: { ...; }; sessionLocale?: "en" | ... 2 more ... | undefined; sourceLocale?: "en" | ... 2 more ... | undefined;...'.
        Type '{ success: true; data: { sessionId: string; sessionLocale: "en" | "fr" | "de"; sourceLocale: string; topic: { id: string; title: string; subject: string | null; subjectKey: string; subjectLabel: string; }; sessionState: { ...; }; messages: { ...; }[]; }; }' is not assignable to type '{ data: { messages: { id: string; role: string; content: string; createdAt?: string | Date | undefined; metadata?: Record<string, unknown> | undefined; }[]; sessionId: string; sessionState: { ...; }; topic: { ...; }; sessionLocale?: "en" | ... 2 more ... | undefined; sourceLocale?: "en" | ... 2 more ... | undefined;...'.
          The types of 'data.messages' are incompatible between these types.
            Type '{ id: string; role: string; createdAt: Date; updatedAt: Date; content: string; metadata: Record<string, unknown> | null; sessionId: string; }[]' is not assignable to type '{ id: string; role: string; content: string; createdAt?: string | Date | undefined; metadata?: Record<string, unknown> | undefined; }[]'.
              Type '{ id: string; role: string; createdAt: Date; updatedAt: Date; content: string; metadata: Record<string, unknown> | null; sessionId: string; }' is not assignable to type '{ id: string; role: string; content: string; createdAt?: string | Date | undefined; metadata?: Record<string, unknown> | undefined; }'.
                Types of property 'metadata' are incompatible.
                  Type 'Record<string, unknown> | null' is not assignable to type 'Record<string, unknown> | undefined'.
                    Type 'null' is not assignable to type 'Record<string, unknown> | undefined'.
components/learning/hooks/use-student-learning-workspace.ts(180,28): error TS2345: Argument of type '{ id: string; role: string; createdAt: Date; updatedAt: Date; content: string; metadata: Record<string, unknown> | null; sessionId: string; }[]' is not assignable to parameter of type '{ id: string; role: string; content: string; metadata?: Record<string, unknown> | undefined; }[]'.
  Type '{ id: string; role: string; createdAt: Date; updatedAt: Date; content: string; metadata: Record<string, unknown> | null; sessionId: string; }' is not assignable to type '{ id: string; role: string; content: string; metadata?: Record<string, unknown> | undefined; }'.
    Types of property 'metadata' are incompatible.
      Type 'Record<string, unknown> | null' is not assignable to type 'Record<string, unknown> | undefined'.
        Type 'null' is not assignable to type 'Record<string, unknown> | undefined'.
components/learning/hooks/use-student-learning-workspace.ts(187,9): error TS2345: Argument of type '{ id: string; role: string; content: string; metadata: Record<string, unknown> | null; }[]' is not assignable to parameter of type '{ id: string; role: string; content: string; metadata?: Record<string, unknown> | undefined; }[]'.
  Type '{ id: string; role: string; content: string; metadata: Record<string, unknown> | null; }' is not assignable to type '{ id: string; role: string; content: string; metadata?: Record<string, unknown> | undefined; }'.
    Types of property 'metadata' are incompatible.
      Type 'Record<string, unknown> | null' is not assignable to type 'Record<string, unknown> | undefined'.
        Type 'null' is not assignable to type 'Record<string, unknown> | undefined'.
components/learning/hooks/use-teacher-learning-workspace.ts(39,27): error TS2769: No overload matches this call.
  Overload 1 of 3, '(options: DefinedInitialDataOptions<{ success: true; data: { id: string; title: string; description: string | null; subject: string | null; defaultContentLocale: "en" | "fr" | "de"; gradeBand: string; gradeLabel: string; ... 6 more ...; topicCount: number; }[]; }, Error, { ...; }, readonly [...]>, queryClient?: QueryClient | undefined): DefinedUseQueryResult<...>', gave the following error.
    Type '() => Promise<{ data: { id: string; title: string; description: string; teacherUserId: string; subject: string; defaultContentLocale: "en" | "fr" | "de"; gradeBand: string; gradeLabel: string; status: string; ... 4 more ...; topicCount: number; }[]; success: true; }>' is not assignable to type 'QueryFunction<{ success: true; data: { id: string; title: string; description: string | null; subject: string | null; defaultContentLocale: "en" | "fr" | "de"; gradeBand: string; gradeLabel: string; status: string; ... 5 more ...; topicCount: number; }[]; }, readonly [...]>'.
      Type 'Promise<{ data: { id: string; title: string; description: string; teacherUserId: string; subject: string; defaultContentLocale: "en" | "fr" | "de"; gradeBand: string; gradeLabel: string; status: string; ... 4 more ...; topicCount: number; }[]; success: true; }>' is not assignable to type '{ success: true; data: { id: string; title: string; description: string | null; subject: string | null; defaultContentLocale: "en" | "fr" | "de"; gradeBand: string; gradeLabel: string; status: string; ... 5 more ...; topicCount: number; }[]; } | Promise<...>'.
        Type 'Promise<{ data: { id: string; title: string; description: string; teacherUserId: string; subject: string; defaultContentLocale: "en" | "fr" | "de"; gradeBand: string; gradeLabel: string; status: string; ... 4 more ...; topicCount: number; }[]; success: true; }>' is not assignable to type 'Promise<{ success: true; data: { id: string; title: string; description: string | null; subject: string | null; defaultContentLocale: "en" | "fr" | "de"; gradeBand: string; gradeLabel: string; status: string; ... 5 more ...; topicCount: number; }[]; }>'.
          Type '{ data: { id: string; title: string; description: string; teacherUserId: string; subject: string; defaultContentLocale: "en" | "fr" | "de"; gradeBand: string; gradeLabel: string; status: string; ... 4 more ...; topicCount: number; }[]; success: true; }' is not assignable to type '{ success: true; data: { id: string; title: string; description: string | null; subject: string | null; defaultContentLocale: "en" | "fr" | "de"; gradeBand: string; gradeLabel: string; status: string; ... 5 more ...; topicCount: number; }[]; }'.
            Types of property 'data' are incompatible.
              Type '{ id: string; title: string; description: string; teacherUserId: string; subject: string; defaultContentLocale: "en" | "fr" | "de"; gradeBand: string; gradeLabel: string; status: string; teacherName: string; accessLevel: "owner"; accessRequestStatus: string | null; studentCount: number; topicCount: number; }[]' is not assignable to type '{ id: string; title: string; description: string | null; subject: string | null; defaultContentLocale: "en" | "fr" | "de"; gradeBand: string; gradeLabel: string; status: string; teacherUserId: string; ... 4 more ...; topicCount: number; }[]'.
                Type '{ id: string; title: string; description: string; teacherUserId: string; subject: string; defaultContentLocale: "en" | "fr" | "de"; gradeBand: string; gradeLabel: string; status: string; teacherName: string; accessLevel: "owner"; accessRequestStatus: string | null; studentCount: number; topicCount: number; }' is not assignable to type '{ id: string; title: string; description: string | null; subject: string | null; defaultContentLocale: "en" | "fr" | "de"; gradeBand: string; gradeLabel: string; status: string; teacherUserId: string; ... 4 more ...; topicCount: number; }'.
                  Types of property 'accessRequestStatus' are incompatible.
                    Type 'string | null' is not assignable to type 'null'.
                      Type 'string' is not assignable to type 'null'.
  Overload 2 of 3, '(options: UndefinedInitialDataOptions<{ data: { id: string; title: string; description: string; teacherUserId: string; subject: string; defaultContentLocale: "en" | "fr" | "de"; gradeBand: string; gradeLabel: string; status: string; ... 4 more ...; topicCount: number; }[]; success: true; }, Error, { ...; }, readonly [...]>, queryClient?: QueryClient | undefined): UseQueryResult<...>', gave the following error.
    Type '{ success: true; data: { id: string; title: string; description: string | null; subject: string | null; defaultContentLocale: "en" | "fr" | "de"; gradeBand: string; gradeLabel: string; status: string; ... 5 more ...; topicCount: number; }[]; }' is not assignable to type '{ data: { id: string; title: string; description: string; teacherUserId: string; subject: string; defaultContentLocale: "en" | "fr" | "de"; gradeBand: string; gradeLabel: string; status: string; ... 4 more ...; topicCount: number; }[]; success: true; } | InitialDataFunction<...> | undefined'.
      Type '{ success: true; data: { id: string; title: string; description: string | null; subject: string | null; defaultContentLocale: "en" | "fr" | "de"; gradeBand: string; gradeLabel: string; status: string; ... 5 more ...; topicCount: number; }[]; }' is not assignable to type '{ data: { id: string; title: string; description: string; teacherUserId: string; subject: string; defaultContentLocale: "en" | "fr" | "de"; gradeBand: string; gradeLabel: string; status: string; ... 4 more ...; topicCount: number; }[]; success: true; }'.
        Types of property 'data' are incompatible.
          Type '{ id: string; title: string; description: string | null; subject: string | null; defaultContentLocale: "en" | "fr" | "de"; gradeBand: string; gradeLabel: string; status: string; teacherUserId: string; ... 4 more ...; topicCount: number; }[]' is not assignable to type '{ id: string; title: string; description: string; teacherUserId: string; subject: string; defaultContentLocale: "en" | "fr" | "de"; gradeBand: string; gradeLabel: string; status: string; teacherName: string; accessLevel: "owner"; accessRequestStatus: string | null; studentCount: number; topicCount: number; }[]'.
            Type '{ id: string; title: string; description: string | null; subject: string | null; defaultContentLocale: "en" | "fr" | "de"; gradeBand: string; gradeLabel: string; status: string; teacherUserId: string; ... 4 more ...; topicCount: number; }' is not assignable to type '{ id: string; title: string; description: string; teacherUserId: string; subject: string; defaultContentLocale: "en" | "fr" | "de"; gradeBand: string; gradeLabel: string; status: string; teacherName: string; accessLevel: "owner"; accessRequestStatus: string | null; studentCount: number; topicCount: number; }'.
              Types of property 'description' are incompatible.
                Type 'string | null' is not assignable to type 'string'.
                  Type 'null' is not assignable to type 'string'.
  Overload 3 of 3, '(options: UseQueryOptions<{ data: { id: string; title: string; description: string; teacherUserId: string; subject: string; defaultContentLocale: "en" | "fr" | "de"; gradeBand: string; gradeLabel: string; status: string; ... 4 more ...; topicCount: number; }[]; success: true; }, Error, { ...; }, readonly [...]>, queryClient?: QueryClient | undefined): UseQueryResult<...>', gave the following error.
    Type '{ success: true; data: { id: string; title: string; description: string | null; subject: string | null; defaultContentLocale: "en" | "fr" | "de"; gradeBand: string; gradeLabel: string; status: string; ... 5 more ...; topicCount: number; }[]; }' is not assignable to type '{ data: { id: string; title: string; description: string; teacherUserId: string; subject: string; defaultContentLocale: "en" | "fr" | "de"; gradeBand: string; gradeLabel: string; status: string; ... 4 more ...; topicCount: number; }[]; success: true; } | InitialDataFunction<...> | undefined'.
      Type '{ success: true; data: { id: string; title: string; description: string | null; subject: string | null; defaultContentLocale: "en" | "fr" | "de"; gradeBand: string; gradeLabel: string; status: string; ... 5 more ...; topicCount: number; }[]; }' is not assignable to type '{ data: { id: string; title: string; description: string; teacherUserId: string; subject: string; defaultContentLocale: "en" | "fr" | "de"; gradeBand: string; gradeLabel: string; status: string; ... 4 more ...; topicCount: number; }[]; success: true; }'.
        Types of property 'data' are incompatible.
          Type '{ id: string; title: string; description: string | null; subject: string | null; defaultContentLocale: "en" | "fr" | "de"; gradeBand: string; gradeLabel: string; status: string; teacherUserId: string; ... 4 more ...; topicCount: number; }[]' is not assignable to type '{ id: string; title: string; description: string; teacherUserId: string; subject: string; defaultContentLocale: "en" | "fr" | "de"; gradeBand: string; gradeLabel: string; status: string; teacherName: string; accessLevel: "owner"; accessRequestStatus: string | null; studentCount: number; topicCount: number; }[]'.
            Type '{ id: string; title: string; description: string | null; subject: string | null; defaultContentLocale: "en" | "fr" | "de"; gradeBand: string; gradeLabel: string; status: string; teacherUserId: string; ... 4 more ...; topicCount: number; }' is not assignable to type '{ id: string; title: string; description: string; teacherUserId: string; subject: string; defaultContentLocale: "en" | "fr" | "de"; gradeBand: string; gradeLabel: string; status: string; teacherName: string; accessLevel: "owner"; accessRequestStatus: string | null; studentCount: number; topicCount: number; }'.
              Types of property 'description' are incompatible.
                Type 'string | null' is not assignable to type 'string'.
                  Type 'null' is not assignable to type 'string'.
components/learning/hooks/use-teacher-learning-workspace.ts(84,5): error TS2769: No overload matches this call.
  Overload 3 of 3, '(options: UseQueryOptions<{ data: objectInputType<{ id: ZodString; title: ZodString; description: ZodOptional<ZodNullable<ZodString>>; subject: ZodOptional<ZodNullable<ZodString>>; contentLocale: ZodOptional<...>; subjectKey: ZodOptional<...>; subjectLabel: ZodOptional<...>; status: ZodString; }, ZodTypeAny, "passthrough">[]; success: true; }, Error, { ...; }, string[] | readonly [...]>, queryClient?: QueryClient | undefined): UseQueryResult<...>', gave the following error.
    Type '{ success: true; data: { id: string; createdAt: Date; updatedAt: Date; title: string; description: string | null; subject: string | null; status: string; classroomId: string; createdByUserId: string; ... 6 more ...; lastMaterialSyncAt: Date | null; }[]; } | undefined' is not assignable to type '{ data: objectInputType<{ id: ZodString; title: ZodString; description: ZodOptional<ZodNullable<ZodString>>; subject: ZodOptional<ZodNullable<ZodString>>; contentLocale: ZodOptional<...>; subjectKey: ZodOptional<...>; subjectLabel: ZodOptional<...>; status: ZodString; }, ZodTypeAny, "passthrough">[]; success: true; ...'.
      Type '{ success: true; data: { id: string; createdAt: Date; updatedAt: Date; title: string; description: string | null; subject: string | null; status: string; classroomId: string; createdByUserId: string; ... 6 more ...; lastMaterialSyncAt: Date | null; }[]; }' is not assignable to type '{ data: objectInputType<{ id: ZodString; title: ZodString; description: ZodOptional<ZodNullable<ZodString>>; subject: ZodOptional<ZodNullable<ZodString>>; contentLocale: ZodOptional<...>; subjectKey: ZodOptional<...>; subjectLabel: ZodOptional<...>; status: ZodString; }, ZodTypeAny, "passthrough">[]; success: true; ...'.
        Type '{ success: true; data: { id: string; createdAt: Date; updatedAt: Date; title: string; description: string | null; subject: string | null; status: string; classroomId: string; createdByUserId: string; ... 6 more ...; lastMaterialSyncAt: Date | null; }[]; }' is not assignable to type '{ data: objectInputType<{ id: ZodString; title: ZodString; description: ZodOptional<ZodNullable<ZodString>>; subject: ZodOptional<ZodNullable<ZodString>>; contentLocale: ZodOptional<...>; subjectKey: ZodOptional<...>; subjectLabel: ZodOptional<...>; status: ZodString; }, ZodTypeAny, "passthrough">[]; success: true; }'.
          Types of property 'data' are incompatible.
            Type '{ id: string; createdAt: Date; updatedAt: Date; title: string; description: string | null; subject: string | null; status: string; classroomId: string; createdByUserId: string; ... 6 more ...; lastMaterialSyncAt: Date | null; }[]' is not assignable to type 'objectInputType<{ id: ZodString; title: ZodString; description: ZodOptional<ZodNullable<ZodString>>; subject: ZodOptional<ZodNullable<ZodString>>; contentLocale: ZodOptional<...>; subjectKey: ZodOptional<...>; subjectLabel: ZodOptional<...>; status: ZodString; }, ZodTypeAny, "passthrough">[]'.
              Type '{ id: string; createdAt: Date; updatedAt: Date; title: string; description: string | null; subject: string | null; status: string; classroomId: string; createdByUserId: string; ... 6 more ...; lastMaterialSyncAt: Date | null; }' is not assignable to type 'objectInputType<{ id: ZodString; title: ZodString; description: ZodOptional<ZodNullable<ZodString>>; subject: ZodOptional<ZodNullable<ZodString>>; contentLocale: ZodOptional<...>; subjectKey: ZodOptional<...>; subjectLabel: ZodOptional<...>; status: ZodString; }, ZodTypeAny, "passthrough">'.
                Type '{ id: string; createdAt: Date; updatedAt: Date; title: string; description: string | null; subject: string | null; status: string; classroomId: string; createdByUserId: string; ... 6 more ...; lastMaterialSyncAt: Date | null; }' is not assignable to type '{ id: string; title: string; status: string; description?: string | null | undefined; subject?: string | null | undefined; contentLocale?: "en" | "fr" | "de" | undefined; subjectKey?: string | undefined; subjectLabel?: string | undefined; }'.
                  Types of property 'contentLocale' are incompatible.
                    Type 'string' is not assignable to type '"en" | "fr" | "de" | undefined'.
components/learning/hooks/use-teacher-learning-workspace.ts(109,5): error TS2769: No overload matches this call.
  Overload 3 of 3, '(options: UseQueryOptions<{ data: { id: string; createdAt: string | Date; title: string; mimeType: string; materialKind: string; extractionStatus: string; indexingStatus: string; description?: string | null | undefined; analysis?: Record<...> | undefined; }[]; success: true; }, Error, { ...; }, string[] | readonly [...]>, queryClient?: QueryClient | undefined): UseQueryResult<...>', gave the following error.
    Type '{ success: true; data: { id: string; createdAt: Date; updatedAt: Date; title: string; description: string | null; mimeType: string; storageBucket: string | null; storagePath: string | null; ... 10 more ...; analysis: Record<...> | null; }[]; } | undefined' is not assignable to type '{ data: { id: string; createdAt: string | Date; title: string; mimeType: string; materialKind: string; extractionStatus: string; indexingStatus: string; description?: string | null | undefined; analysis?: Record<...> | undefined; }[]; success: true; } | InitialDataFunction<...> | undefined'.
      Type '{ success: true; data: { id: string; createdAt: Date; updatedAt: Date; title: string; description: string | null; mimeType: string; storageBucket: string | null; storagePath: string | null; ... 10 more ...; analysis: Record<...> | null; }[]; }' is not assignable to type '{ data: { id: string; createdAt: string | Date; title: string; mimeType: string; materialKind: string; extractionStatus: string; indexingStatus: string; description?: string | null | undefined; analysis?: Record<...> | undefined; }[]; success: true; } | InitialDataFunction<...> | undefined'.
        Type '{ success: true; data: { id: string; createdAt: Date; updatedAt: Date; title: string; description: string | null; mimeType: string; storageBucket: string | null; storagePath: string | null; ... 10 more ...; analysis: Record<...> | null; }[]; }' is not assignable to type '{ data: { id: string; createdAt: string | Date; title: string; mimeType: string; materialKind: string; extractionStatus: string; indexingStatus: string; description?: string | null | undefined; analysis?: Record<...> | undefined; }[]; success: true; }'.
          Types of property 'data' are incompatible.
            Type '{ id: string; createdAt: Date; updatedAt: Date; title: string; description: string | null; mimeType: string; storageBucket: string | null; storagePath: string | null; topicId: string; ... 9 more ...; analysis: Record<...> | null; }[]' is not assignable to type '{ id: string; createdAt: string | Date; title: string; mimeType: string; materialKind: string; extractionStatus: string; indexingStatus: string; description?: string | null | undefined; analysis?: Record<...> | undefined; }[]'.
              Type '{ id: string; createdAt: Date; updatedAt: Date; title: string; description: string | null; mimeType: string; storageBucket: string | null; storagePath: string | null; topicId: string; ... 9 more ...; analysis: Record<...> | null; }' is not assignable to type '{ id: string; createdAt: string | Date; title: string; mimeType: string; materialKind: string; extractionStatus: string; indexingStatus: string; description?: string | null | undefined; analysis?: Record<...> | undefined; }'.
                Types of property 'analysis' are incompatible.
                  Type 'Record<string, unknown> | null' is not assignable to type 'Record<string, unknown> | undefined'.
                    Type 'null' is not assignable to type 'Record<string, unknown> | undefined'.
lib/learning/provisioning.ts(78,9): error TS2769: No overload matches this call.
  The last overload gave the following error.
    Object literal may only specify known properties, and 'data' does not exist in type '({ name: string; email: string; password: string; image?: string | undefined; callbackURL?: string | undefined; rememberMe?: boolean | undefined; } | ({ name: string; email: string; password: string; image?: string | undefined; callbackURL?: string | undefined; rememberMe?: boolean | undefined; } & {} & {})) & {} & ...'.
