app/[locale]/s/[shareableLink]/respond/page.tsx(3,27): error TS2307: Cannot find module '@/lib/env.client' or its corresponding type declarations.
app/[locale]/s/[shareableLink]/respond/page.tsx(8,20): error TS2307: Cannot find module '@/lib/utils' or its corresponding type declarations.
app/[locale]/s/[shareableLink]/respond/page.tsx(9,35): error TS2307: Cannot find module '@/hooks/use-voice-websocket' or its corresponding type declarations.
app/[locale]/s/[shareableLink]/respond/page.tsx(12,30): error TS2307: Cannot find module '@/components/surveys/media-display' or its corresponding type declarations.
app/[locale]/s/[shareableLink]/respond/page.tsx(16,40): error TS2307: Cannot find module '@/i18n/routing' or its corresponding type declarations.
app/[locale]/s/[shareableLink]/respond/page.tsx(347,13): error TS17004: Cannot use JSX unless the '--jsx' flag is provided.
app/[locale]/s/[shareableLink]/respond/page.tsx(348,17): error TS17004: Cannot use JSX unless the '--jsx' flag is provided.
app/[locale]/s/[shareableLink]/respond/page.tsx(349,21): error TS17004: Cannot use JSX unless the '--jsx' flag is provided.
app/[locale]/s/[shareableLink]/respond/page.tsx(350,25): error TS17004: Cannot use JSX unless the '--jsx' flag is provided.
app/[locale]/s/[shareableLink]/respond/page.tsx(351,25): error TS17004: Cannot use JSX unless the '--jsx' flag is provided.
app/[locale]/s/[shareableLink]/respond/page.tsx(353,21): error TS17004: Cannot use JSX unless the '--jsx' flag is provided.
app/[locale]/s/[shareableLink]/respond/page.tsx(362,13): error TS17004: Cannot use JSX unless the '--jsx' flag is provided.
app/[locale]/s/[shareableLink]/respond/page.tsx(363,17): error TS17004: Cannot use JSX unless the '--jsx' flag is provided.
app/[locale]/s/[shareableLink]/respond/page.tsx(364,21): error TS17004: Cannot use JSX unless the '--jsx' flag is provided.
app/[locale]/s/[shareableLink]/respond/page.tsx(365,25): error TS17004: Cannot use JSX unless the '--jsx' flag is provided.
app/[locale]/s/[shareableLink]/respond/page.tsx(367,21): error TS17004: Cannot use JSX unless the '--jsx' flag is provided.
app/[locale]/s/[shareableLink]/respond/page.tsx(370,21): error TS17004: Cannot use JSX unless the '--jsx' flag is provided.
app/[locale]/s/[shareableLink]/respond/page.tsx(379,13): error TS17004: Cannot use JSX unless the '--jsx' flag is provided.
app/[locale]/s/[shareableLink]/respond/page.tsx(380,17): error TS17004: Cannot use JSX unless the '--jsx' flag is provided.
app/[locale]/s/[shareableLink]/respond/page.tsx(381,17): error TS17004: Cannot use JSX unless the '--jsx' flag is provided.
app/[locale]/s/[shareableLink]/respond/page.tsx(382,21): error TS17004: Cannot use JSX unless the '--jsx' flag is provided.
app/[locale]/s/[shareableLink]/respond/page.tsx(383,25): error TS17004: Cannot use JSX unless the '--jsx' flag is provided.
app/[locale]/s/[shareableLink]/respond/page.tsx(385,21): error TS17004: Cannot use JSX unless the '--jsx' flag is provided.
app/[locale]/s/[shareableLink]/respond/page.tsx(386,21): error TS17004: Cannot use JSX unless the '--jsx' flag is provided.
app/[locale]/s/[shareableLink]/respond/page.tsx(389,21): error TS17004: Cannot use JSX unless the '--jsx' flag is provided.
app/[locale]/s/[shareableLink]/respond/page.tsx(402,9): error TS17004: Cannot use JSX unless the '--jsx' flag is provided.
app/[locale]/s/[shareableLink]/respond/page.tsx(404,17): error TS17004: Cannot use JSX unless the '--jsx' flag is provided.
app/[locale]/s/[shareableLink]/respond/page.tsx(405,21): error TS17004: Cannot use JSX unless the '--jsx' flag is provided.
app/[locale]/s/[shareableLink]/respond/page.tsx(409,21): error TS17004: Cannot use JSX unless the '--jsx' flag is provided.
app/[locale]/s/[shareableLink]/respond/page.tsx(415,13): error TS17004: Cannot use JSX unless the '--jsx' flag is provided.
app/[locale]/s/[shareableLink]/respond/page.tsx(425,21): error TS17004: Cannot use JSX unless the '--jsx' flag is provided.
app/[locale]/s/[shareableLink]/respond/page.tsx(427,21): error TS17004: Cannot use JSX unless the '--jsx' flag is provided.
app/[locale]/s/[shareableLink]/respond/page.tsx(429,21): error TS17004: Cannot use JSX unless the '--jsx' flag is provided.
app/[locale]/s/[shareableLink]/respond/page.tsx(437,9): error TS17004: Cannot use JSX unless the '--jsx' flag is provided.
app/[locale]/s/[shareableLink]/respond/page.tsx(439,13): error TS17004: Cannot use JSX unless the '--jsx' flag is provided.
app/[locale]/s/[shareableLink]/respond/page.tsx(442,17): error TS17004: Cannot use JSX unless the '--jsx' flag is provided.
app/[locale]/s/[shareableLink]/respond/page.tsx(443,21): error TS17004: Cannot use JSX unless the '--jsx' flag is provided.
app/[locale]/s/[shareableLink]/respond/page.tsx(445,25): error TS17004: Cannot use JSX unless the '--jsx' flag is provided.
app/[locale]/s/[shareableLink]/respond/page.tsx(448,25): error TS17004: Cannot use JSX unless the '--jsx' flag is provided.
app/[locale]/s/[shareableLink]/respond/page.tsx(449,33): error TS17004: Cannot use JSX unless the '--jsx' flag is provided.
app/[locale]/s/[shareableLink]/respond/page.tsx(456,29): error TS17004: Cannot use JSX unless the '--jsx' flag is provided.
app/[locale]/s/[shareableLink]/respond/page.tsx(458,25): error TS17004: Cannot use JSX unless the '--jsx' flag is provided.
app/[locale]/s/[shareableLink]/respond/page.tsx(460,33): error TS17004: Cannot use JSX unless the '--jsx' flag is provided.
app/[locale]/s/[shareableLink]/respond/page.tsx(462,41): error TS17004: Cannot use JSX unless the '--jsx' flag is provided.
app/[locale]/s/[shareableLink]/respond/page.tsx(469,37): error TS17004: Cannot use JSX unless the '--jsx' flag is provided.
app/[locale]/s/[shareableLink]/respond/page.tsx(479,45): error TS17004: Cannot use JSX unless the '--jsx' flag is provided.
app/[locale]/s/[shareableLink]/respond/page.tsx(480,49): error TS17004: Cannot use JSX unless the '--jsx' flag is provided.
app/[locale]/s/[shareableLink]/respond/page.tsx(484,45): error TS17004: Cannot use JSX unless the '--jsx' flag is provided.
app/[locale]/s/[shareableLink]/respond/page.tsx(485,49): error TS17004: Cannot use JSX unless the '--jsx' flag is provided.
app/[locale]/s/[shareableLink]/respond/page.tsx(495,25): error TS17004: Cannot use JSX unless the '--jsx' flag is provided.
app/[locale]/s/[shareableLink]/respond/page.tsx(496,29): error TS17004: Cannot use JSX unless the '--jsx' flag is provided.
app/[locale]/s/[shareableLink]/respond/page.tsx(497,33): error TS17004: Cannot use JSX unless the '--jsx' flag is provided.
app/[locale]/s/[shareableLink]/respond/page.tsx(498,37): error TS17004: Cannot use JSX unless the '--jsx' flag is provided.
app/[locale]/s/[shareableLink]/respond/page.tsx(499,37): error TS17004: Cannot use JSX unless the '--jsx' flag is provided.
app/[locale]/s/[shareableLink]/respond/page.tsx(501,33): error TS17004: Cannot use JSX unless the '--jsx' flag is provided.
app/[locale]/s/[shareableLink]/respond/page.tsx(503,41): error TS17004: Cannot use JSX unless the '--jsx' flag is provided.
app/[locale]/s/[shareableLink]/respond/page.tsx(511,45): error TS17004: Cannot use JSX unless the '--jsx' flag is provided.
app/[locale]/s/[shareableLink]/respond/page.tsx(512,62): error TS17004: Cannot use JSX unless the '--jsx' flag is provided.
app/[locale]/s/[shareableLink]/respond/page.tsx(522,17): error TS17004: Cannot use JSX unless the '--jsx' flag is provided.
app/[locale]/s/[shareableLink]/respond/page.tsx(523,21): error TS17004: Cannot use JSX unless the '--jsx' flag is provided.
app/[locale]/s/[shareableLink]/respond/page.tsx(525,29): error TS17004: Cannot use JSX unless the '--jsx' flag is provided.
app/[locale]/s/[shareableLink]/respond/page.tsx(532,33): error TS17004: Cannot use JSX unless the '--jsx' flag is provided.
app/[locale]/s/[shareableLink]/respond/page.tsx(541,41): error TS17004: Cannot use JSX unless the '--jsx' flag is provided.
app/[locale]/s/[shareableLink]/respond/page.tsx(543,41): error TS17004: Cannot use JSX unless the '--jsx' flag is provided.
app/[locale]/s/[shareableLink]/respond/page.tsx(547,33): error TS17004: Cannot use JSX unless the '--jsx' flag is provided.
app/[locale]/s/[shareableLink]/respond/page.tsx(555,37): error TS17004: Cannot use JSX unless the '--jsx' flag is provided.
app/[locale]/s/[shareableLink]/respond/page.tsx(558,68): error TS17004: Cannot use JSX unless the '--jsx' flag is provided.
app/[locale]/s/[shareableLink]/respond/page.tsx(565,59): error TS17004: Cannot use JSX unless the '--jsx' flag is provided.
app/[locale]/s/[shareableLink]/respond/page.tsx(572,60): error TS17004: Cannot use JSX unless the '--jsx' flag is provided.
app/[locale]/s/[shareableLink]/respond/page.tsx(581,25): error TS17004: Cannot use JSX unless the '--jsx' flag is provided.
app/[locale]/s/[shareableLink]/respond/page.tsx(586,17): error TS17004: Cannot use JSX unless the '--jsx' flag is provided.
app/[locale]/s/[shareableLink]/respond/page.tsx(587,21): error TS17004: Cannot use JSX unless the '--jsx' flag is provided.
app/[locale]/s/[shareableLink]/respond/page.tsx(589,29): error TS17004: Cannot use JSX unless the '--jsx' flag is provided.
app/[locale]/s/[shareableLink]/respond/page.tsx(591,37): error TS17004: Cannot use JSX unless the '--jsx' flag is provided.
app/[locale]/s/[shareableLink]/respond/page.tsx(592,41): error TS17004: Cannot use JSX unless the '--jsx' flag is provided.
app/[locale]/s/[shareableLink]/respond/page.tsx(605,45): error TS17004: Cannot use JSX unless the '--jsx' flag is provided.
app/[locale]/s/[shareableLink]/respond/page.tsx(608,41): error TS17004: Cannot use JSX unless the '--jsx' flag is provided.
app/[locale]/s/[shareableLink]/respond/page.tsx(609,45): error TS17004: Cannot use JSX unless the '--jsx' flag is provided.
app/[locale]/s/[shareableLink]/respond/page.tsx(611,53): error TS17004: Cannot use JSX unless the '--jsx' flag is provided.
app/[locale]/s/[shareableLink]/respond/page.tsx(624,49): error TS17004: Cannot use JSX unless the '--jsx' flag is provided.
app/[locale]/s/[shareableLink]/respond/page.tsx(625,53): error TS17004: Cannot use JSX unless the '--jsx' flag is provided.
app/[locale]/s/[shareableLink]/respond/page.tsx(628,53): error TS17004: Cannot use JSX unless the '--jsx' flag is provided.
app/[locale]/s/[shareableLink]/respond/page.tsx(636,49): error TS17004: Cannot use JSX unless the '--jsx' flag is provided.
app/[locale]/s/[shareableLink]/respond/page.tsx(643,49): error TS17004: Cannot use JSX unless the '--jsx' flag is provided.
app/[locale]/s/[shareableLink]/respond/page.tsx(644,53): error TS17004: Cannot use JSX unless the '--jsx' flag is provided.
app/[locale]/s/[shareableLink]/respond/page.tsx(647,53): error TS17004: Cannot use JSX unless the '--jsx' flag is provided.
app/[locale]/s/[shareableLink]/respond/page.tsx(649,57): error TS17004: Cannot use JSX unless the '--jsx' flag is provided.
app/[locale]/s/[shareableLink]/respond/page.tsx(657,38): error TS17004: Cannot use JSX unless the '--jsx' flag is provided.
app/[locale]/s/[shareableLink]/respond/page.tsx(659,45): error TS17004: Cannot use JSX unless the '--jsx' flag is provided.
app/[locale]/s/[shareableLink]/respond/page.tsx(660,49): error TS17004: Cannot use JSX unless the '--jsx' flag is provided.
app/[locale]/s/[shareableLink]/respond/page.tsx(663,49): error TS17004: Cannot use JSX unless the '--jsx' flag is provided.
app/[locale]/s/[shareableLink]/respond/page.tsx(665,53): error TS17004: Cannot use JSX unless the '--jsx' flag is provided.
app/[locale]/s/[shareableLink]/respond/page.tsx(674,29): error TS17004: Cannot use JSX unless the '--jsx' flag is provided.
app/[locale]/s/[shareableLink]/respond/page.tsx(675,31): error TS17004: Cannot use JSX unless the '--jsx' flag is provided.
app/[locale]/s/[shareableLink]/respond/page.tsx(676,35): error TS17004: Cannot use JSX unless the '--jsx' flag is provided.
app/[locale]/s/[shareableLink]/respond/page.tsx(678,39): error TS17004: Cannot use JSX unless the '--jsx' flag is provided.
app/[locale]/s/[shareableLink]/respond/page.tsx(679,43): error TS17004: Cannot use JSX unless the '--jsx' flag is provided.
app/[locale]/s/[shareableLink]/respond/page.tsx(682,39): error TS17004: Cannot use JSX unless the '--jsx' flag is provided.
app/[locale]/s/[shareableLink]/respond/page.tsx(699,39): error TS17004: Cannot use JSX unless the '--jsx' flag is provided.
app/[locale]/s/[shareableLink]/respond/page.tsx(700,43): error TS17004: Cannot use JSX unless the '--jsx' flag is provided.
app/[locale]/s/[shareableLink]/respond/page.tsx(711,51): error TS17004: Cannot use JSX unless the '--jsx' flag is provided.
app/[locale]/s/[shareableLink]/respond/page.tsx(713,51): error TS17004: Cannot use JSX unless the '--jsx' flag is provided.
node_modules/.pnpm/@ai-sdk+react@3.0.52_react@19.2.0_zod@3.25.76/node_modules/@ai-sdk/react/dist/index.d.ts(6,5): error TS18028: Private identifiers are only available when targeting ECMAScript 2015 and higher.
node_modules/.pnpm/@formatjs+ecma402-abstract@3.1.1/node_modules/@formatjs/ecma402-abstract/utils.d.ts(45,92): error TS2339: Property 'ListFormat' does not exist on type 'typeof Intl'.
node_modules/.pnpm/@formatjs+ecma402-abstract@3.1.1/node_modules/@formatjs/ecma402-abstract/utils.d.ts(45,113): error TS2694: Namespace 'Intl' has no exported member 'ListFormat'.
node_modules/.pnpm/@tanstack+query-core@5.90.20/node_modules/@tanstack/query-core/build/legacy/focusManager.d.ts(6,5): error TS18028: Private identifiers are only available when targeting ECMAScript 2015 and higher.
node_modules/.pnpm/@tanstack+query-core@5.90.20/node_modules/@tanstack/query-core/build/legacy/hydration-BlEVG2Lp.d.ts(9,5): error TS18028: Private identifiers are only available when targeting ECMAScript 2015 and higher.
node_modules/.pnpm/@tanstack+query-core@5.90.20/node_modules/@tanstack/query-core/build/legacy/hydration-BlEVG2Lp.d.ts(115,5): error TS18028: Private identifiers are only available when targeting ECMAScript 2015 and higher.
node_modules/.pnpm/@tanstack+query-core@5.90.20/node_modules/@tanstack/query-core/build/legacy/hydration-BlEVG2Lp.d.ts(156,5): error TS18028: Private identifiers are only available when targeting ECMAScript 2015 and higher.
node_modules/.pnpm/@tanstack+query-core@5.90.20/node_modules/@tanstack/query-core/build/legacy/hydration-BlEVG2Lp.d.ts(205,5): error TS18028: Private identifiers are only available when targeting ECMAScript 2015 and higher.
node_modules/.pnpm/@tanstack+query-core@5.90.20/node_modules/@tanstack/query-core/build/legacy/hydration-BlEVG2Lp.d.ts(266,5): error TS18028: Private identifiers are only available when targeting ECMAScript 2015 and higher.
node_modules/.pnpm/@tanstack+query-core@5.90.20/node_modules/@tanstack/query-core/build/legacy/hydration-BlEVG2Lp.d.ts(427,5): error TS18028: Private identifiers are only available when targeting ECMAScript 2015 and higher.
node_modules/.pnpm/@tanstack+query-core@5.90.20/node_modules/@tanstack/query-core/build/legacy/hydration-BlEVG2Lp.d.ts(444,5): error TS18028: Private identifiers are only available when targeting ECMAScript 2015 and higher.
node_modules/.pnpm/@tanstack+query-core@5.90.20/node_modules/@tanstack/query-core/build/legacy/onlineManager.d.ts(6,5): error TS18028: Private identifiers are only available when targeting ECMAScript 2015 and higher.
node_modules/.pnpm/@tanstack+query-core@5.90.20/node_modules/@tanstack/query-core/build/legacy/queriesObserver.d.ts(11,5): error TS18028: Private identifiers are only available when targeting ECMAScript 2015 and higher.
node_modules/.pnpm/@tanstack+query-core@5.90.20/node_modules/@tanstack/query-core/build/legacy/removable.d.ts(2,5): error TS18028: Private identifiers are only available when targeting ECMAScript 2015 and higher.
node_modules/.pnpm/@tanstack+query-core@5.90.20/node_modules/@tanstack/query-core/build/legacy/timeoutManager.d.ts(41,5): error TS18028: Private identifiers are only available when targeting ECMAScript 2015 and higher.
node_modules/.pnpm/@types+node@20.19.30/node_modules/@types/node/process.d.ts(1644,17): error TS2687: All declarations of 'noDeprecation' must have identical modifiers.
node_modules/.pnpm/ai@6.0.50_zod@3.25.76/node_modules/ai/dist/index.d.ts(1221,64): error TS2694: Namespace 'Intl' has no exported member 'Segmenter'.
node_modules/.pnpm/next@16.1.5_@babel+core@7.2_55981cc5ad6ac0d1b0794e2ed4b7be8d/node_modules/next/dist/build/templates/app-page.d.ts(3,25): error TS2307: Cannot find module 'VAR_MODULE_GLOBAL_ERROR' or its corresponding type declarations.
node_modules/.pnpm/next@16.1.5_@babel+core@7.2_55981cc5ad6ac0d1b0794e2ed4b7be8d/node_modules/next/dist/build/webpack-config.d.ts(10,104): error TS2694: Namespace '"C:/Users/pc/convy/node_modules/.pnpm/next@16.1.5_@babel+core@7.2_55981cc5ad6ac0d1b0794e2ed4b7be8d/node_modules/next/dist/compiled/webpack/webpack".webpack' has no exported member 'RuleSetUseItem'.
node_modules/.pnpm/next@16.1.5_@babel+core@7.2_55981cc5ad6ac0d1b0794e2ed4b7be8d/node_modules/next/dist/build/webpack/loaders/next-app-loader/index.d.ts(1,13): error TS2613: Module '"C:/Users/pc/convy/node_modules/.pnpm/next@16.1.5_@babel+core@7.2_55981cc5ad6ac0d1b0794e2ed4b7be8d/node_modules/next/dist/compiled/webpack/webpack"' has no default export. Did you mean to use 'import { webpack } from "C:/Users/pc/convy/node_modules/.pnpm/next@16.1.5_@babel+core@7.2_55981cc5ad6ac0d1b0794e2ed4b7be8d/node_modules/next/dist/compiled/webpack/webpack"' instead?
node_modules/.pnpm/next@16.1.5_@babel+core@7.2_55981cc5ad6ac0d1b0794e2ed4b7be8d/node_modules/next/dist/client/components/error-boundary.d.ts(1,8): error TS1259: Module '"C:/Users/pc/convy/node_modules/.pnpm/@types+react@19.2.9/node_modules/@types/react/index"' can only be default-imported using the 'esModuleInterop' flag
node_modules/.pnpm/next@16.1.5_@babel+core@7.2_55981cc5ad6ac0d1b0794e2ed4b7be8d/node_modules/next/dist/client/components/http-access-fallback/error-boundary.d.ts(11,8): error TS1259: Module '"C:/Users/pc/convy/node_modules/.pnpm/@types+react@19.2.9/node_modules/@types/react/index"' can only be default-imported using the 'esModuleInterop' flag
node_modules/.pnpm/next@16.1.5_@babel+core@7.2_55981cc5ad6ac0d1b0794e2ed4b7be8d/node_modules/next/dist/client/components/layout-router.d.ts(2,8): error TS1259: Module '"C:/Users/pc/convy/node_modules/.pnpm/@types+react@19.2.9/node_modules/@types/react/index"' can only be default-imported using the 'esModuleInterop' flag
node_modules/.pnpm/next@16.1.5_@babel+core@7.2_55981cc5ad6ac0d1b0794e2ed4b7be8d/node_modules/next/dist/client/with-router.d.ts(1,8): error TS1259: Module '"C:/Users/pc/convy/node_modules/.pnpm/@types+react@19.2.9/node_modules/@types/react/index"' can only be default-imported using the 'esModuleInterop' flag
node_modules/.pnpm/next@16.1.5_@babel+core@7.2_55981cc5ad6ac0d1b0794e2ed4b7be8d/node_modules/next/dist/lib/metadata/metadata.d.ts(1,8): error TS1259: Module '"C:/Users/pc/convy/node_modules/.pnpm/@types+react@19.2.9/node_modules/@types/react/index"' can only be default-imported using the 'esModuleInterop' flag
node_modules/.pnpm/next@16.1.5_@babel+core@7.2_55981cc5ad6ac0d1b0794e2ed4b7be8d/node_modules/next/dist/next-devtools/userspace/pages/pages-dev-overlay-setup.d.ts(1,8): error TS1259: Module '"C:/Users/pc/convy/node_modules/.pnpm/@types+react@19.2.9/node_modules/@types/react/index"' can only be default-imported using the 'esModuleInterop' flag
node_modules/.pnpm/next@16.1.5_@babel+core@7.2_55981cc5ad6ac0d1b0794e2ed4b7be8d/node_modules/next/dist/server/app-render/entry-base.d.ts(1,114): error TS2307: Cannot find module 'react-server-dom-webpack/server' or its corresponding type declarations.
node_modules/.pnpm/next@16.1.5_@babel+core@7.2_55981cc5ad6ac0d1b0794e2ed4b7be8d/node_modules/next/dist/server/app-render/entry-base.d.ts(2,27): error TS2307: Cannot find module 'react-server-dom-webpack/static' or its corresponding type declarations.
node_modules/.pnpm/next@16.1.5_@babel+core@7.2_55981cc5ad6ac0d1b0794e2ed4b7be8d/node_modules/next/dist/server/web/spec-extension/adapters/headers.d.ts(39,16): error TS2304: Cannot find name 'HeadersIterator'.
node_modules/.pnpm/next@16.1.5_@babel+core@7.2_55981cc5ad6ac0d1b0794e2ed4b7be8d/node_modules/next/dist/server/web/spec-extension/adapters/headers.d.ts(40,13): error TS2304: Cannot find name 'HeadersIterator'.
node_modules/.pnpm/next@16.1.5_@babel+core@7.2_55981cc5ad6ac0d1b0794e2ed4b7be8d/node_modules/next/dist/server/web/spec-extension/adapters/headers.d.ts(41,15): error TS2304: Cannot find name 'HeadersIterator'.
node_modules/.pnpm/next@16.1.5_@babel+core@7.2_55981cc5ad6ac0d1b0794e2ed4b7be8d/node_modules/next/dist/server/web/spec-extension/adapters/headers.d.ts(42,26): error TS2304: Cannot find name 'HeadersIterator'.
node_modules/.pnpm/next@16.1.5_@babel+core@7.2_55981cc5ad6ac0d1b0794e2ed4b7be8d/node_modules/next/dist/shared/lib/app-router-context.shared-runtime.d.ts(4,8): error TS1259: Module '"C:/Users/pc/convy/node_modules/.pnpm/@types+react@19.2.9/node_modules/@types/react/index"' can only be default-imported using the 'esModuleInterop' flag
node_modules/.pnpm/next@16.1.5_@babel+core@7.2_55981cc5ad6ac0d1b0794e2ed4b7be8d/node_modules/next/dist/shared/lib/app-router-types.d.ts(7,13): error TS1259: Module '"C:/Users/pc/convy/node_modules/.pnpm/@types+react@19.2.9/node_modules/@types/react/index"' can only be default-imported using the 'esModuleInterop' flag
node_modules/.pnpm/next@16.1.5_@babel+core@7.2_55981cc5ad6ac0d1b0794e2ed4b7be8d/node_modules/next/dist/shared/lib/head-manager-context.shared-runtime.d.ts(1,8): error TS1259: Module '"C:/Users/pc/convy/node_modules/.pnpm/@types+react@19.2.9/node_modules/@types/react/index"' can only be default-imported using the 'esModuleInterop' flag
node_modules/.pnpm/next@16.1.5_@babel+core@7.2_55981cc5ad6ac0d1b0794e2ed4b7be8d/node_modules/next/dist/shared/lib/image-config-context.shared-runtime.d.ts(1,8): error TS1259: Module '"C:/Users/pc/convy/node_modules/.pnpm/@types+react@19.2.9/node_modules/@types/react/index"' can only be default-imported using the 'esModuleInterop' flag
node_modules/.pnpm/next@16.1.5_@babel+core@7.2_55981cc5ad6ac0d1b0794e2ed4b7be8d/node_modules/next/dist/shared/lib/loadable-context.shared-runtime.d.ts(1,8): error TS1259: Module '"C:/Users/pc/convy/node_modules/.pnpm/@types+react@19.2.9/node_modules/@types/react/index"' can only be default-imported using the 'esModuleInterop' flag
node_modules/.pnpm/next@16.1.5_@babel+core@7.2_55981cc5ad6ac0d1b0794e2ed4b7be8d/node_modules/next/dist/shared/lib/loadable.shared-runtime.d.ts(21,8): error TS1259: Module '"C:/Users/pc/convy/node_modules/.pnpm/@types+react@19.2.9/node_modules/@types/react/index"' can only be default-imported using the 'esModuleInterop' flag
node_modules/.pnpm/next@16.1.5_@babel+core@7.2_55981cc5ad6ac0d1b0794e2ed4b7be8d/node_modules/next/dist/shared/lib/router-context.shared-runtime.d.ts(1,8): error TS1259: Module '"C:/Users/pc/convy/node_modules/.pnpm/@types+react@19.2.9/node_modules/@types/react/index"' can only be default-imported using the 'esModuleInterop' flag
node_modules/.pnpm/next@16.1.5_@babel+core@7.2_55981cc5ad6ac0d1b0794e2ed4b7be8d/node_modules/next/dist/shared/lib/server-inserted-html.shared-runtime.d.ts(1,8): error TS1259: Module '"C:/Users/pc/convy/node_modules/.pnpm/@types+react@19.2.9/node_modules/@types/react/index"' can only be default-imported using the 'esModuleInterop' flag
node_modules/.pnpm/next@16.1.5_@babel+core@7.2_55981cc5ad6ac0d1b0794e2ed4b7be8d/node_modules/next/dist/shared/lib/utils.d.ts(10,13): error TS1192: Module '"fs"' has no default export.
node_modules/.pnpm/use-intl@4.8.2_react@19.2.0/node_modules/use-intl/core.d.ts(2,15): error TS2846: A declaration file cannot be imported without 'import type'. Did you mean to import an implementation file './dist/types/core' instead?
node_modules/.pnpm/use-intl@4.8.2_react@19.2.0/node_modules/use-intl/dist/types/core/createFormatter.d.ts(35,148): error TS2694: Namespace 'Intl' has no exported member 'ListFormatOptions'.
node_modules/.pnpm/use-intl@4.8.2_react@19.2.0/node_modules/use-intl/dist/types/core/createFormatter.d.ts(36,178): error TS2694: Namespace 'Intl' has no exported member 'ListFormatOptions'.
node_modules/.pnpm/use-intl@4.8.2_react@19.2.0/node_modules/use-intl/dist/types/core/Formats.d.ts(6,32): error TS2694: Namespace 'Intl' has no exported member 'ListFormatOptions'.
node_modules/.pnpm/use-intl@4.8.2_react@19.2.0/node_modules/use-intl/dist/types/core/formatters.d.ts(8,31): error TS2694: Namespace 'Intl' has no exported member 'ListFormat'.
node_modules/.pnpm/use-intl@4.8.2_react@19.2.0/node_modules/use-intl/dist/types/core/formatters.d.ts(18,62): error TS2339: Property 'ListFormat' does not exist on type 'typeof Intl'.
node_modules/.pnpm/use-intl@4.8.2_react@19.2.0/node_modules/use-intl/dist/types/core/formatters.d.ts(18,81): error TS2694: Namespace 'Intl' has no exported member 'ListFormat'.
node_modules/.pnpm/use-intl@4.8.2_react@19.2.0/node_modules/use-intl/react.d.ts(2,15): error TS2846: A declaration file cannot be imported without 'import type'. Did you mean to import an implementation file './dist/types/react' instead?
../node_modules/bun-types/overrides.d.ts(89,7): error TS2687: All declarations of 'noDeprecation' must have identical modifiers.
