app/[locale]/(dashboard)/dashboard/projects/page.tsx(39,28): error TS2304: Cannot find name 'projects'.
app/[locale]/(dashboard)/dashboard/projects/page.tsx(39,45): error TS7006: Parameter 'p' implicitly has an 'any' type.
app/[locale]/(dashboard)/dashboard/projects/page.tsx(40,35): error TS2304: Cannot find name 'searchQuery'.
app/[locale]/(dashboard)/dashboard/projects/page.tsx(44,10): error TS2304: Cannot find name 'newProjectName'.
app/[locale]/(dashboard)/dashboard/projects/page.tsx(54,5): error TS2304: Cannot find name 'createProjectMutation'.
app/[locale]/(dashboard)/dashboard/projects/page.tsx(55,13): error TS2304: Cannot find name 'newProjectName'.
app/[locale]/(dashboard)/dashboard/projects/page.tsx(56,20): error TS2304: Cannot find name 'newProjectDescription'.
app/[locale]/(dashboard)/dashboard/projects/page.tsx(60,9): error TS2304: Cannot find name 'setNewProjectName'.
app/[locale]/(dashboard)/dashboard/projects/page.tsx(61,9): error TS2304: Cannot find name 'setNewProjectDescription'.
app/[locale]/(dashboard)/dashboard/projects/page.tsx(62,9): error TS2304: Cannot find name 'setShowCreateModal'.
app/[locale]/(dashboard)/dashboard/projects/page.tsx(68,5): error TS2304: Cannot find name 'setProjectToDelete'.
app/[locale]/(dashboard)/dashboard/projects/page.tsx(69,5): error TS2304: Cannot find name 'setShowMenuFor'.
app/[locale]/(dashboard)/dashboard/projects/page.tsx(73,9): error TS2304: Cannot find name 'projectToDelete'.
app/[locale]/(dashboard)/dashboard/projects/page.tsx(74,7): error TS2304: Cannot find name 'deleteProjectMutation'.
app/[locale]/(dashboard)/dashboard/projects/page.tsx(74,36): error TS2304: Cannot find name 'projectToDelete'.
app/[locale]/(dashboard)/dashboard/projects/page.tsx(76,11): error TS2304: Cannot find name 'setProjectToDelete'.
app/[locale]/(dashboard)/dashboard/projects/page.tsx(83,10): error TS2304: Cannot find name 'editingProject'.
app/[locale]/(dashboard)/dashboard/projects/page.tsx(83,29): error TS2304: Cannot find name 'editingProject'.
app/[locale]/(dashboard)/dashboard/projects/page.tsx(84,5): error TS2304: Cannot find name 'updateProjectMutation'.
app/[locale]/(dashboard)/dashboard/projects/page.tsx(85,11): error TS2304: Cannot find name 'editingProject'.
app/[locale]/(dashboard)/dashboard/projects/page.tsx(86,13): error TS2304: Cannot find name 'editingProject'.
app/[locale]/(dashboard)/dashboard/projects/page.tsx(87,20): error TS2304: Cannot find name 'editingProject'.
app/[locale]/(dashboard)/dashboard/projects/page.tsx(90,9): error TS2304: Cannot find name 'setEditingProject'.
app/[locale]/(dashboard)/dashboard/projects/page.tsx(107,26): error TS2304: Cannot find name 'setShowCreateModal'.
app/[locale]/(dashboard)/dashboard/projects/page.tsx(121,18): error TS2304: Cannot find name 'searchQuery'.
app/[locale]/(dashboard)/dashboard/projects/page.tsx(122,28): error TS2304: Cannot find name 'setSearchQuery'.
app/[locale]/(dashboard)/dashboard/projects/page.tsx(128,8): error TS2304: Cannot find name 'isLoadingProjects'.
app/[locale]/(dashboard)/dashboard/projects/page.tsx(134,34): error TS7006: Parameter 'project' implicitly has an 'any' type.
app/[locale]/(dashboard)/dashboard/projects/page.tsx(142,32): error TS2304: Cannot find name 'setExpandedProject'.
app/[locale]/(dashboard)/dashboard/projects/page.tsx(142,51): error TS2304: Cannot find name 'expandedProject'.
app/[locale]/(dashboard)/dashboard/projects/page.tsx(176,23): error TS2304: Cannot find name 'expandedProject'.
app/[locale]/(dashboard)/dashboard/projects/page.tsx(181,40): error TS2304: Cannot find name 'setShowMenuFor'.
app/[locale]/(dashboard)/dashboard/projects/page.tsx(181,55): error TS2304: Cannot find name 'showMenuFor'.
app/[locale]/(dashboard)/dashboard/projects/page.tsx(187,24): error TS2304: Cannot find name 'showMenuFor'.
app/[locale]/(dashboard)/dashboard/projects/page.tsx(189,80): error TS2304: Cannot find name 'setShowMenuFor'.
app/[locale]/(dashboard)/dashboard/projects/page.tsx(194,46): error TS2304: Cannot find name 'setShowMenuFor'.
app/[locale]/(dashboard)/dashboard/projects/page.tsx(201,33): error TS2304: Cannot find name 'setShowMenuFor'.
app/[locale]/(dashboard)/dashboard/projects/page.tsx(210,33): error TS2304: Cannot find name 'setShowMenuFor'.
app/[locale]/(dashboard)/dashboard/projects/page.tsx(234,16): error TS2304: Cannot find name 'expandedProject'.
app/[locale]/(dashboard)/dashboard/projects/page.tsx(235,79): error TS2304: Cannot find name 'setShowAddSurveyModal'.
app/[locale]/(dashboard)/dashboard/projects/page.tsx(242,28): error TS2304: Cannot find name 'setShowCreateModal'.
app/[locale]/(dashboard)/dashboard/projects/page.tsx(255,9): error TS2304: Cannot find name 'isLoadingProjects'.
app/[locale]/(dashboard)/dashboard/projects/page.tsx(255,63): error TS2304: Cannot find name 'searchQuery'.
app/[locale]/(dashboard)/dashboard/projects/page.tsx(263,8): error TS2304: Cannot find name 'showCreateModal'.
app/[locale]/(dashboard)/dashboard/projects/page.tsx(267,28): error TS2304: Cannot find name 'setShowCreateModal'.
app/[locale]/(dashboard)/dashboard/projects/page.tsx(274,32): error TS2304: Cannot find name 'setShowCreateModal'.
app/[locale]/(dashboard)/dashboard/projects/page.tsx(288,26): error TS2304: Cannot find name 'newProjectName'.
app/[locale]/(dashboard)/dashboard/projects/page.tsx(289,36): error TS2304: Cannot find name 'setNewProjectName'.
app/[locale]/(dashboard)/dashboard/projects/page.tsx(300,26): error TS2304: Cannot find name 'newProjectDescription'.
app/[locale]/(dashboard)/dashboard/projects/page.tsx(301,36): error TS2304: Cannot find name 'setNewProjectDescription'.
app/[locale]/(dashboard)/dashboard/projects/page.tsx(311,32): error TS2304: Cannot find name 'setShowCreateModal'.
app/[locale]/(dashboard)/dashboard/projects/page.tsx(318,28): error TS2304: Cannot find name 'newProjectName'.
app/[locale]/(dashboard)/dashboard/projects/page.tsx(318,53): error TS2304: Cannot find name 'createProjectMutation'.
app/[locale]/(dashboard)/dashboard/projects/page.tsx(321,18): error TS2304: Cannot find name 'createProjectMutation'.
app/[locale]/(dashboard)/dashboard/projects/page.tsx(339,8): error TS2552: Cannot find name 'showAddSurveyModal'. Did you mean 'AddSurveyModal'?
app/[locale]/(dashboard)/dashboard/projects/page.tsx(340,36): error TS2304: Cannot find name 'showAddSurveyModal'.
app/[locale]/(dashboard)/dashboard/projects/page.tsx(340,71): error TS2304: Cannot find name 'setShowAddSurveyModal'.
app/[locale]/(dashboard)/dashboard/projects/page.tsx(344,8): error TS2304: Cannot find name 'editingProject'.
app/[locale]/(dashboard)/dashboard/projects/page.tsx(348,28): error TS2304: Cannot find name 'setEditingProject'.
app/[locale]/(dashboard)/dashboard/projects/page.tsx(355,32): error TS2304: Cannot find name 'setEditingProject'.
app/[locale]/(dashboard)/dashboard/projects/page.tsx(369,26): error TS2304: Cannot find name 'editingProject'.
app/[locale]/(dashboard)/dashboard/projects/page.tsx(370,36): error TS2304: Cannot find name 'setEditingProject'.
app/[locale]/(dashboard)/dashboard/projects/page.tsx(370,59): error TS2304: Cannot find name 'editingProject'.
app/[locale]/(dashboard)/dashboard/projects/page.tsx(381,26): error TS2304: Cannot find name 'editingProject'.
app/[locale]/(dashboard)/dashboard/projects/page.tsx(382,36): error TS2304: Cannot find name 'setEditingProject'.
app/[locale]/(dashboard)/dashboard/projects/page.tsx(382,59): error TS2304: Cannot find name 'editingProject'.
app/[locale]/(dashboard)/dashboard/projects/page.tsx(392,32): error TS2304: Cannot find name 'setEditingProject'.
app/[locale]/(dashboard)/dashboard/projects/page.tsx(399,28): error TS2304: Cannot find name 'editingProject'.
app/[locale]/(dashboard)/dashboard/projects/page.tsx(399,58): error TS2304: Cannot find name 'updateProjectMutation'.
app/[locale]/(dashboard)/dashboard/projects/page.tsx(402,18): error TS2304: Cannot find name 'updateProjectMutation'.
app/[locale]/(dashboard)/dashboard/projects/page.tsx(410,8): error TS2304: Cannot find name 'projectToDelete'.
app/[locale]/(dashboard)/dashboard/projects/page.tsx(414,28): error TS2304: Cannot find name 'setProjectToDelete'.
app/[locale]/(dashboard)/dashboard/projects/page.tsx(430,32): error TS2304: Cannot find name 'setProjectToDelete'.
app/[locale]/(dashboard)/dashboard/projects/page.tsx(437,27): error TS2304: Cannot find name 'deleteProjectMutation'.
app/[locale]/(dashboard)/dashboard/projects/page.tsx(440,18): error TS2304: Cannot find name 'deleteProjectMutation'.
app/[locale]/(dashboard)/dashboard/settings/page.tsx(330,46): error TS2304: Cannot find name 'ClientT'.
app/[locale]/(dashboard)/dashboard/settings/page.tsx(330,69): error TS2304: Cannot find name 'ClientT'.
app/[locale]/(dashboard)/dashboard/settings/page.tsx(338,103): error TS2304: Cannot find name 'ClientT'.
app/[locale]/(dashboard)/dashboard/settings/page.tsx(338,164): error TS2304: Cannot find name 'ClientT'.
app/[locale]/(dashboard)/dashboard/settings/page.tsx(352,46): error TS2304: Cannot find name 'ClientT'.
app/[locale]/(dashboard)/dashboard/settings/page.tsx(352,65): error TS2304: Cannot find name 'ClientT'.
app/[locale]/(dashboard)/dashboard/settings/page.tsx(357,46): error TS2304: Cannot find name 'ClientT'.
app/[locale]/(dashboard)/dashboard/settings/page.tsx(357,68): error TS2304: Cannot find name 'ClientT'.
app/[locale]/(dashboard)/dashboard/settings/page.tsx(369,86): error TS2304: Cannot find name 'ClientT'.
app/[locale]/(dashboard)/dashboard/settings/page.tsx(369,114): error TS2304: Cannot find name 'ClientT'.
app/[locale]/(dashboard)/dashboard/settings/page.tsx(370,71): error TS2304: Cannot find name 'ClientT'.
app/[locale]/(dashboard)/dashboard/settings/page.tsx(370,131): error TS2304: Cannot find name 'ClientT'.
app/[locale]/(dashboard)/dashboard/settings/page.tsx(414,91): error TS2304: Cannot find name 'ClientT'.
app/[locale]/(dashboard)/dashboard/settings/page.tsx(414,115): error TS2304: Cannot find name 'ClientT'.
app/[locale]/(dashboard)/dashboard/settings/page.tsx(415,87): error TS2304: Cannot find name 'ClientT'.
app/[locale]/(dashboard)/dashboard/settings/page.tsx(415,138): error TS2304: Cannot find name 'ClientT'.
app/[locale]/(dashboard)/dashboard/settings/page.tsx(421,58): error TS2304: Cannot find name 'ClientT'.
app/[locale]/(dashboard)/dashboard/settings/page.tsx(421,74): error TS2304: Cannot find name 'ClientT'.
app/[locale]/(dashboard)/dashboard/settings/page.tsx(430,54): error TS2304: Cannot find name 'ClientT'.
app/[locale]/(dashboard)/dashboard/settings/page.tsx(430,78): error TS2304: Cannot find name 'ClientT'.
app/[locale]/(dashboard)/dashboard/settings/page.tsx(441,54): error TS2304: Cannot find name 'ClientT'.
app/[locale]/(dashboard)/dashboard/settings/page.tsx(441,78): error TS2304: Cannot find name 'ClientT'.
app/[locale]/(dashboard)/dashboard/settings/page.tsx(470,50): error TS2304: Cannot find name 'ClientT'.
app/[locale]/(dashboard)/dashboard/settings/page.tsx(470,71): error TS2304: Cannot find name 'ClientT'.
app/[locale]/(dashboard)/dashboard/settings/page.tsx(475,50): error TS2304: Cannot find name 'ClientT'.
app/[locale]/(dashboard)/dashboard/settings/page.tsx(475,76): error TS2304: Cannot find name 'ClientT'.
app/[locale]/(dashboard)/dashboard/settings/page.tsx(488,86): error TS2304: Cannot find name 'ClientT'.
app/[locale]/(dashboard)/dashboard/settings/page.tsx(488,120): error TS2304: Cannot find name 'ClientT'.
app/[locale]/(dashboard)/dashboard/settings/page.tsx(489,71): error TS2304: Cannot find name 'ClientT'.
app/[locale]/(dashboard)/dashboard/settings/page.tsx(489,125): error TS2304: Cannot find name 'ClientT'.
app/[locale]/(dashboard)/dashboard/settings/page.tsx(495,53): error TS2304: Cannot find name 'ClientT'.
app/[locale]/(dashboard)/dashboard/settings/page.tsx(495,82): error TS2304: Cannot find name 'ClientT'.
app/[locale]/(dashboard)/dashboard/settings/page.tsx(496,59): error TS2304: Cannot find name 'ClientT'.
app/[locale]/(dashboard)/dashboard/settings/page.tsx(496,117): error TS2304: Cannot find name 'ClientT'.
app/[locale]/(dashboard)/dashboard/settings/page.tsx(500,53): error TS2304: Cannot find name 'ClientT'.
app/[locale]/(dashboard)/dashboard/settings/page.tsx(500,77): error TS2304: Cannot find name 'ClientT'.
app/[locale]/(dashboard)/dashboard/settings/page.tsx(501,59): error TS2304: Cannot find name 'ClientT'.
app/[locale]/(dashboard)/dashboard/settings/page.tsx(501,112): error TS2304: Cannot find name 'ClientT'.
app/[locale]/(dashboard)/dashboard/settings/page.tsx(506,53): error TS2304: Cannot find name 'ClientT'.
app/[locale]/(dashboard)/dashboard/settings/page.tsx(506,75): error TS2304: Cannot find name 'ClientT'.
app/[locale]/(dashboard)/dashboard/settings/page.tsx(507,59): error TS2304: Cannot find name 'ClientT'.
app/[locale]/(dashboard)/dashboard/settings/page.tsx(507,109): error TS2304: Cannot find name 'ClientT'.
app/[locale]/(dashboard)/dashboard/settings/page.tsx(527,120): error TS2304: Cannot find name 'ClientT'.
app/[locale]/(dashboard)/dashboard/settings/page.tsx(527,135): error TS2304: Cannot find name 'ClientT'.
app/[locale]/(dashboard)/dashboard/settings/page.tsx(539,120): error TS2304: Cannot find name 'ClientT'.
app/[locale]/(dashboard)/dashboard/settings/page.tsx(539,134): error TS2304: Cannot find name 'ClientT'.
app/[locale]/(dashboard)/dashboard/settings/page.tsx(556,46): error TS2304: Cannot find name 'ClientT'.
app/[locale]/(dashboard)/dashboard/settings/page.tsx(556,65): error TS2304: Cannot find name 'ClientT'.
app/[locale]/(dashboard)/dashboard/settings/page.tsx(561,46): error TS2304: Cannot find name 'ClientT'.
app/[locale]/(dashboard)/dashboard/settings/page.tsx(561,72): error TS2304: Cannot find name 'ClientT'.
app/[locale]/(dashboard)/dashboard/settings/page.tsx(573,86): error TS2304: Cannot find name 'ClientT'.
app/[locale]/(dashboard)/dashboard/settings/page.tsx(573,111): error TS2304: Cannot find name 'ClientT'.
app/[locale]/(dashboard)/dashboard/settings/page.tsx(574,71): error TS2304: Cannot find name 'ClientT'.
app/[locale]/(dashboard)/dashboard/settings/page.tsx(574,129): error TS2304: Cannot find name 'ClientT'.
app/[locale]/(dashboard)/dashboard/settings/page.tsx(627,90): error TS2304: Cannot find name 'ClientT'.
app/[locale]/(dashboard)/dashboard/settings/page.tsx(627,117): error TS2304: Cannot find name 'ClientT'.
app/[locale]/(dashboard)/dashboard/settings/page.tsx(628,75): error TS2304: Cannot find name 'ClientT'.
app/[locale]/(dashboard)/dashboard/settings/page.tsx(628,135): error TS2304: Cannot find name 'ClientT'.
app/[locale]/(dashboard)/dashboard/settings/page.tsx(633,46): error TS2304: Cannot find name 'ClientT'.
app/[locale]/(dashboard)/dashboard/settings/page.tsx(633,72): error TS2304: Cannot find name 'ClientT'.
app/[locale]/(dashboard)/dashboard/settings/page.tsx(647,46): error TS2304: Cannot find name 'ClientT'.
app/[locale]/(dashboard)/dashboard/settings/page.tsx(647,68): error TS2304: Cannot find name 'ClientT'.
app/[locale]/(dashboard)/dashboard/settings/page.tsx(661,46): error TS2304: Cannot find name 'ClientT'.
app/[locale]/(dashboard)/dashboard/settings/page.tsx(661,76): error TS2304: Cannot find name 'ClientT'.
app/[locale]/(dashboard)/dashboard/settings/page.tsx(683,50): error TS2304: Cannot find name 'ClientT'.
app/[locale]/(dashboard)/dashboard/settings/page.tsx(683,71): error TS2304: Cannot find name 'ClientT'.
app/[locale]/(dashboard)/dashboard/settings/page.tsx(688,50): error TS2304: Cannot find name 'ClientT'.
app/[locale]/(dashboard)/dashboard/settings/page.tsx(688,75): error TS2304: Cannot find name 'ClientT'.
app/[locale]/(dashboard)/dashboard/settings/page.tsx(703,90): error TS2304: Cannot find name 'ClientT'.
app/[locale]/(dashboard)/dashboard/settings/page.tsx(703,125): error TS2304: Cannot find name 'ClientT'.
app/[locale]/(dashboard)/dashboard/settings/page.tsx(705,50): error TS2304: Cannot find name 'ClientT'.
app/[locale]/(dashboard)/dashboard/settings/page.tsx(705,107): error TS2304: Cannot find name 'ClientT'.
app/[locale]/(dashboard)/dashboard/settings/page.tsx(710,42): error TS2304: Cannot find name 'ClientT'.
app/[locale]/(dashboard)/dashboard/settings/page.tsx(710,58): error TS2304: Cannot find name 'ClientT'.
app/[locale]/(dashboard)/dashboard/settings/page.tsx(720,85): error TS2304: Cannot find name 'ClientT'.
app/[locale]/(dashboard)/dashboard/settings/page.tsx(720,109): error TS2304: Cannot find name 'ClientT'.
app/[locale]/(dashboard)/dashboard/settings/page.tsx(722,46): error TS2304: Cannot find name 'ClientT'.
app/[locale]/(dashboard)/dashboard/settings/page.tsx(722,142): error TS2304: Cannot find name 'ClientT'.
app/[locale]/(dashboard)/dashboard/settings/page.tsx(725,46): error TS2304: Cannot find name 'ClientT'.
app/[locale]/(dashboard)/dashboard/settings/page.tsx(725,70): error TS2304: Cannot find name 'ClientT'.
app/[locale]/(dashboard)/dashboard/surveys/[surveyId]/page.tsx(492,44): error TS2304: Cannot find name 'ClientT'.
app/[locale]/(dashboard)/dashboard/surveys/[surveyId]/page.tsx(492,69): error TS2304: Cannot find name 'ClientT'.
app/[locale]/(dashboard)/dashboard/surveys/[surveyId]/page.tsx(495,58): error TS2304: Cannot find name 'ClientT'.
app/[locale]/(dashboard)/dashboard/surveys/[surveyId]/page.tsx(495,117): error TS2304: Cannot find name 'ClientT'.
app/[locale]/(dashboard)/dashboard/surveys/page.tsx(120,95): error TS2304: Cannot find name 'loadingToast'.
app/[locale]/(dashboard)/dashboard/surveys/page.tsx(123,94): error TS2304: Cannot find name 'loadingToast'.
app/[locale]/(dashboard)/dashboard/surveys/page.tsx(126,102): error TS2304: Cannot find name 'loadingToast'.
app/[locale]/(dashboard)/dashboard/surveys/page.tsx(132,43): error TS2304: Cannot find name 'url'.
components/dashboard/team-member-list.tsx(189,50): error TS2304: Cannot find name 'cn'.
components/dashboard/team-member-list.tsx(349,52): error TS2304: Cannot find name 'cn'.
components/dashboard/team-member-list.tsx(366,52): error TS2304: Cannot find name 'cn'.
